// Jest Snapshot v1, https://goo.gl/fbAQLP

exports[`renders the button correctly when multiple props are set 1`] = `
<div
  style={
    Object {
      "height": 20,
      "width": 20,
    }
  }
>
  <div
    className="control__icon control__icon--disabled control__icon--secondary"
    role="presentation"
  >
    <Icon
      className="control-icon__icon"
      name="deploy-small"
      size={20}
      spin={false}
    />
  </div>
</div>
`;
