// Jest Snapshot v1, https://goo.gl/fbAQLP

exports[`renders the datepicker correctly when multiple props are set 1`] = `
<ValidationWrapper
  active={false}
  key="datepicker"
>
  <div
    className="input-datepicker__component mb-input mb-input__borders mb-input__background mb-input__shadow mb-input--large"
    id="test-id"
  >
    <div
      className="mb-input__content input-datepicker__content"
      onClick={[Function]}
      onKeyDown={[Function]}
      role="presentation"
    >
      <input
        className="mb-input__input input-datepicker__value"
        disabled={false}
        onFocus={[Function]}
        onKeyDown={[Function]}
        readOnly={true}
        value="Invalid date"
      />
      <div
        className="mb-input__inner-icon input-datepicker__icon"
      >
        <Icon
          fill="#999"
          name="calendar-small"
          size={16}
          spin={false}
        />
      </div>
    </div>
  </div>
  <div
    className="input-datepicker--position"
    key="calendar"
  />
</ValidationWrapper>
`;
