// Jest Snapshot v1, https://goo.gl/fbAQLP

exports[`renders the fileuploader correctly when multiple props are set 1`] = `
<ValidationWrapper
  active={false}
  messages={Array []}
>
  <div
    className="input-fileuploader__component mb-input mb-input__borders mb-input__background mb-input__shadow mb-input--large"
    id="test-id"
    onClick={[Function]}
    onKeyDown={[Function]}
    role="presentation"
    style={Object {}}
  >
    <div
      className="input-fileuploader-box"
    >
      <div
        className="mb-input__content input-fileuploader__content"
      >
        <input
          className="input-fileuploader__input"
          disabled={false}
          id="test-id-file"
          onChange={[Function]}
          onFocus={[Function]}
          onKeyDown={[Function]}
          type="file"
        />
        <div
          className="input-fileuploader__filename input-fileuploader__filename--no-file input-fileuploader__filename--large"
        >
          No File Chosen
        </div>
        <InnerButton
          active={false}
          className="input-fileuploader__button-add"
          disabled={false}
          icon="upload-small"
          kind="tertiary"
          label="Choose File"
          noFill={true}
          onClick={[Function]}
          size="l"
          tabIndex="-1"
        />
      </div>
    </div>
  </div>
</ValidationWrapper>
`;
