// Jest Snapshot v1, https://goo.gl/fbAQLP

exports[`renders the button correctly when multiple props are set 1`] = `
<div
  className="el el-pill el-pill--secondary el-pill--inactive"
>
  <div
    className="el-pill__icon-box"
  >
    <Icon
      className="el-pill__icon"
      name="deploy-small"
      size={16}
      spin={false}
    />
  </div>
</div>
`;
