// Jest Snapshot v1, https://goo.gl/fbAQLP

exports[`renders the textfield correctly when multiple props are set 1`] = `
<ValidationWrapper
  active={false}
  messages={Array []}
>
  <div
    className="input-textfield__component mb-input mb-input__borders mb-input__background mb-input__shadow mb-input--large"
    onClick={[Function]}
    role="presentation"
    style={Object {}}
  >
    <div
      className="mb-input__content input-textfield__content"
    >
      <div
        className="input-textfield__value__tokens"
      >
        <input
          autoComplete="off"
          autoFocus={false}
          className="mb-input__input input-textfield__value"
          disabled={false}
          id="test-id"
          key="input"
          onBlur={[Function]}
          onChange={[Function]}
          onClick={[Function]}
          onFocus={[Function]}
          onKeyDown={[Function]}
          onKeyPress={[Function]}
          type="text"
          value="test-value"
        />
      </div>
    </div>
  </div>
</ValidationWrapper>
`;
